
> Configure project :composeApp
The 'ksp' configuration is deprecated in Kotlin Multiplatform projects. Please use target-specific configurations like 'kspJvm' instead.

> Task :composeApp:checkKotlinGradlePluginConfigurationErrors SKIPPED
> Task :composeApp:convertXmlValueResourcesForAndroidMain NO-SOURCE
> Task :composeApp:copyNonXmlValueResourcesForAndroidMain NO-SOURCE
> Task :composeApp:prepareComposeResourcesTaskForAndroidMain NO-SOURCE
> Task :composeApp:generateResourceAccessorsForAndroidMain NO-SOURCE
> Task :composeApp:convertXmlValueResourcesForCommonMain UP-TO-DATE
> Task :composeApp:copyNonXmlValueResourcesForCommonMain UP-TO-DATE
> Task :composeApp:prepareComposeResourcesTaskForCommonMain UP-TO-DATE
> Task :composeApp:generateResourceAccessorsForCommonMain UP-TO-DATE
> Task :composeApp:generateActualResourceCollectorsForAndroidMain UP-TO-DATE
> Task :composeApp:generateComposeResClass UP-TO-DATE
> Task :composeApp:generateExpectResourceCollectorsForCommonMain UP-TO-DATE
> Task :composeApp:convertXmlValueResourcesForAndroidDebug NO-SOURCE
> Task :composeApp:copyNonXmlValueResourcesForAndroidDebug NO-SOURCE
> Task :composeApp:prepareComposeResourcesTaskForAndroidDebug NO-SOURCE
> Task :composeApp:generateResourceAccessorsForAndroidDebug NO-SOURCE
> Task :composeApp:preBuild UP-TO-DATE
> Task :composeApp:preDebugBuild UP-TO-DATE
> Task :composeApp:checkDebugAarMetadata UP-TO-DATE
> Task :composeApp:generateDebugResValues UP-TO-DATE
> Task :composeApp:mapDebugSourceSetPaths UP-TO-DATE
> Task :composeApp:generateDebugResources UP-TO-DATE
> Task :composeApp:mergeDebugResources UP-TO-DATE
> Task :composeApp:packageDebugResources UP-TO-DATE
> Task :composeApp:parseDebugLocalResources UP-TO-DATE
> Task :composeApp:createDebugCompatibleScreenManifests UP-TO-DATE
> Task :composeApp:extractDeepLinksDebug UP-TO-DATE
> Task :composeApp:processDebugMainManifest UP-TO-DATE
> Task :composeApp:processDebugManifest UP-TO-DATE
> Task :composeApp:processDebugManifestForPackage UP-TO-DATE
> Task :composeApp:processDebugResources UP-TO-DATE
> Task :composeApp:kspDebugKotlinAndroid UP-TO-DATE
> Task :composeApp:compileDebugKotlinAndroid UP-TO-DATE
> Task :composeApp:javaPreCompileDebug UP-TO-DATE
> Task :composeApp:compileDebugJavaWithJavac NO-SOURCE
> Task :composeApp:bundleDebugClassesToCompileJar UP-TO-DATE
> Task :composeApp:convertXmlValueResourcesForAndroidUnitTest NO-SOURCE
> Task :composeApp:copyNonXmlValueResourcesForAndroidUnitTest NO-SOURCE
> Task :composeApp:prepareComposeResourcesTaskForAndroidUnitTest NO-SOURCE
> Task :composeApp:generateResourceAccessorsForAndroidUnitTest NO-SOURCE
> Task :composeApp:convertXmlValueResourcesForAndroidUnitTestDebug NO-SOURCE
> Task :composeApp:copyNonXmlValueResourcesForAndroidUnitTestDebug NO-SOURCE
> Task :composeApp:prepareComposeResourcesTaskForAndroidUnitTestDebug NO-SOURCE
> Task :composeApp:generateResourceAccessorsForAndroidUnitTestDebug NO-SOURCE
> Task :composeApp:convertXmlValueResourcesForCommonTest NO-SOURCE
> Task :composeApp:copyNonXmlValueResourcesForCommonTest NO-SOURCE
> Task :composeApp:prepareComposeResourcesTaskForCommonTest NO-SOURCE
> Task :composeApp:generateResourceAccessorsForCommonTest NO-SOURCE
> Task :composeApp:preparePaparazziDebugResources UP-TO-DATE
> Task :composeApp:kspDebugUnitTestKotlinAndroid
> Task :composeApp:copyRoomSchemas NO-SOURCE

> Task :composeApp:compileDebugUnitTestKotlinAndroid FAILED
e: file:///Users/harshsomankar/Offipedia/composeApp/src/commonTest/kotlin/com/plcoding/bookpedia/book/data/repository/BookRepositoryImplTest.kt:46:5 'searchBooks' in 'KtorRemoteBookDataSource' is final and cannot be overridden.
e: file:///Users/harshsomankar/Offipedia/composeApp/src/commonTest/kotlin/com/plcoding/bookpedia/book/data/repository/BookRepositoryImplTest.kt:50:5 'getBookDetails' in 'KtorRemoteBookDataSource' is final and cannot be overridden.
e: file:///Users/harshsomankar/Offipedia/composeApp/src/commonTest/kotlin/com/plcoding/bookpedia/book/data/repository/BookRepositoryImplTest.kt:57:32 Unresolved reference 'respond'.

FAILURE: Build failed with an exception.

* What went wrong:
Execution failed for task ':composeApp:compileDebugUnitTestKotlinAndroid'.
> A failure occurred while executing org.jetbrains.kotlin.compilerRunner.GradleCompilerRunnerWithWorkers$GradleKotlinCompilerWorkAction
   > Compilation error. See log for more details

* Try:
> Run with --stacktrace option to get the stack trace.
> Run with --info or --debug option to get more log output.
> Run with --scan to get full insights.
> Get more help at https://help.gradle.org.

Deprecated Gradle features were used in this build, making it incompatible with Gradle 9.0.

You can use '--warning-mode all' to show the individual deprecation warnings and determine if they come from your own scripts or plugins.

For more on this, please refer to https://docs.gradle.org/8.9/userguide/command_line_interface.html#sec:command_line_warnings in the Gradle documentation.

BUILD FAILED in 1s
27 actionable tasks: 2 executed, 25 up-to-date
